16:55:24 **** Build of configuration Debug for project class_project ****
make pre-build main-build 
a9-linaro-pre-build-step
 
Building file: ../src/helloworld.c
Invoking: ARM v7 gcc compiler
arm-none-eabi-gcc -Wall -O0 -g3 -c -fmessage-length=0 -MT"src/helloworld.o" -mcpu=cortex-a9 -mfpu=vfpv3 -mfloat-abi=hard -I../../class_project_bsp/ps7_cortexa9_0/include -MMD -MP -MF"src/helloworld.d" -MT"src/helloworld.o" -o "src/helloworld.o" "../src/helloworld.c"
Finished building: ../src/helloworld.c
 
Building file: ../src/nfc.c
Invoking: ARM v7 gcc compiler
arm-none-eabi-gcc -Wall -O0 -g3 -c -fmessage-length=0 -MT"src/nfc.o" -mcpu=cortex-a9 -mfpu=vfpv3 -mfloat-abi=hard -I../../class_project_bsp/ps7_cortexa9_0/include -MMD -MP -MF"src/nfc.d" -MT"src/nfc.o" -o "src/nfc.o" "../src/nfc.c"
../src/nfc.c: In function 'nfc_reg_write':
../src/nfc.c:71:24: warning: format '%x' expects argument of type 'unsigned int', but argument 2 has type 'uint32_t {aka long unsigned int}' [-Wformat=]
   printf("Writing a %08x to slv_reg%u \n", data, slv_reg_no);
                     ~~~^
                     %08lx
../src/nfc.c:71:37: warning: format '%u' expects argument of type 'unsigned int', but argument 3 has type 'uint32_t {aka long unsigned int}' [-Wformat=]
   printf("Writing a %08x to slv_reg%u \n", data, slv_reg_no);
                                    ~^
                                    %lu
../src/nfc.c: In function 'nfc_write':
../src/nfc.c:172:9: warning: unused variable 'stat' [-Wunused-variable]
  status stat = 0xFFFFFFF8 & nfc_reg_read(SLV_REG2);
         ^~~~
../src/nfc.c: In function 'nfc_read':
../src/nfc.c:213:9: warning: unused variable 'stat' [-Wunused-variable]
  status stat = 0xFFFFFFF8 & nfc_reg_read(SLV_REG2);
         ^~~~
../src/nfc.c: In function 'nfc_erase':
../src/nfc.c:259:9: warning: unused variable 'stat' [-Wunused-variable]
  status stat = 0xFFFFFFF8 & nfc_reg_read(SLV_REG2);
         ^~~~
Finished building: ../src/nfc.c
 
Building file: ../src/platform.c
Invoking: ARM v7 gcc compiler
arm-none-eabi-gcc -Wall -O0 -g3 -c -fmessage-length=0 -MT"src/platform.o" -mcpu=cortex-a9 -mfpu=vfpv3 -mfloat-abi=hard -I../../class_project_bsp/ps7_cortexa9_0/include -MMD -MP -MF"src/platform.d" -MT"src/platform.o" -o "src/platform.o" "../src/platform.c"
Finished building: ../src/platform.c
 
Building file: ../.metadata/.plugins/org.eclipse.cdt.make.core/specs.c
Invoking: ARM v7 gcc compiler
arm-none-eabi-gcc -Wall -O0 -g3 -c -fmessage-length=0 -MT".metadata/.plugins/org.eclipse.cdt.make.core/specs.o" -mcpu=cortex-a9 -mfpu=vfpv3 -mfloat-abi=hard -I../../class_project_bsp/ps7_cortexa9_0/include -MMD -MP -MF".metadata/.plugins/org.eclipse.cdt.make.core/specs.d" -MT".metadata/.plugins/org.eclipse.cdt.make.core/specs.o" -o ".metadata/.plugins/org.eclipse.cdt.make.core/specs.o" "../.metadata/.plugins/org.eclipse.cdt.make.core/specs.c"
Finished building: ../.metadata/.plugins/org.eclipse.cdt.make.core/specs.c
 
Building target: class_project.elf
Invoking: ARM v7 gcc linker
arm-none-eabi-gcc -mcpu=cortex-a9 -mfpu=vfpv3 -mfloat-abi=hard -Wl,-build-id=none -specs=Xilinx.spec -Wl,-T -Wl,../src/lscript.ld -L../../class_project_bsp/ps7_cortexa9_0/lib -o "class_project.elf"  ./src/helloworld.o ./src/nfc.o ./src/platform.o  ./.metadata/.plugins/org.eclipse.cdt.make.core/specs.o   -Wl,--start-group,-lxil,-lgcc,-lc,--end-group
Finished building target: class_project.elf
 
Invoking: ARM v7 Print Size
arm-none-eabi-size class_project.elf  |tee "class_project.elf.size"
   text	   data	    bss	    dec	    hex	filename
  72048	   2580	  23328	  97956	  17ea4	class_project.elf
Finished building: class_project.elf.size
 

16:55:24 Build Finished (took 208ms)

